2026-10-03 04:18:08,512 [INFO] Chưa có data → fetch 90 ngày: 2026-07-05 → 2026-10-02
2026-10-03 04:18:08,786 [INFO] VCB: ✓ 65 dòng
2026-10-03 04:18:08,859 [INFO] VIC: ✓ 65 dòng
2026-10-03 04:18:08,986 [INFO] VHM: ✓ 65 dòng
2026-10-03 04:18:09,105 [INFO] HPG: ✓ 65 dòng
2026-10-03 04:18:09,216 [INFO] TCB: ✓ 65 dòng
2026-10-03 04:18:09,371 [INFO] MBB: ✓ 65 dòng
2026-10-03 04:18:09,466 [INFO] VNM: ✓ 65 dòng
2026-10-03 04:18:09,571 [INFO] FPT: ✓ 65 dòng
2026-10-03 04:18:09,663 [INFO] MSN: ✓ 65 dòng
2026-10-03 04:18:09,767 [INFO] BID: ✓ 65 dòng
2026-10-03 04:18:09,767 [INFO] === Xong: 10/10 tickers | 650 dòng mới ===
2026-10-06 16:59:15,743 [INFO] Fetch từ 2026-10-03 → 2026-10-05
2026-10-06 16:59:16,114 [INFO] VCB: ✓ 1 dòng
2026-10-06 16:59:16,212 [INFO] VIC: ✓ 1 dòng
2026-10-06 16:59:16,390 [INFO] VHM: ✓ 1 dòng
2026-10-06 16:59:16,595 [INFO] HPG: ✓ 1 dòng
2026-10-06 16:59:16,761 [INFO] TCB: ✓ 1 dòng
2026-10-06 16:59:16,928 [INFO] MBB: ✓ 1 dòng
2026-10-06 16:59:17,057 [INFO] VNM: ✓ 1 dòng
2026-10-06 16:59:17,176 [INFO] FPT: ✓ 1 dòng
2026-10-06 16:59:17,317 [INFO] MSN: ✓ 1 dòng
2026-10-06 16:59:17,649 [INFO] BID: ✓ 1 dòng
2026-10-06 16:59:17,649 [INFO] === Xong: 10/10 tickers | 10 dòng mới ===
